// Jest Snapshot v1, https://goo.gl/fbAQLP

exports[`Error Component 1`] = `null`;

exports[`Error Component 2`] = `
<p>
  ðŸ’€
</p>
`;
