// Jest Snapshot v1, https://goo.gl/fbAQLP

exports[`Form Component 1`] = `
<p>
  loading...
</p>
`;

exports[`Form Component 2`] = `null`;
